border_size=1
usage=map

Gs^Fms      , Gs^Fms      , Gs^Fms      , Gs^Fms      , Gs^Fms      , Gg          , Gg          , Gg          , Rp          , Gg          , Gg          , Gs^Fms      , Gs^Fms      , Gg          , Gg          , Gg          , Gg          , Gg          , Gg          , Gs^Fms      , Gs^Fms      , Gs^Fms      , Gs^Fms      , Gs^Fms      , Gs^Fms      , Ww          , Wo          , Ww          , Ww          , Gs^Fms      , Mm          , Gs^Fms      
Gs^Fms      , Gs^Fms      , Gs^Fms      , Gs^Fms      , Gs^Fms      , Gg          , Gg          , Gg          , Rp          , Gs^Fms      , Gg          , Gg          , Gs^Fms      , Gg          , Gg          , Gg          , Gg          , Chr         , Chr         , Chr         , Gg          , Gs^Fms      , Gs^Fms      , Gs^Fms      , Gs^Fms      , Ww          , Wo          , Ww          , Ww          , Ww          , Mm^Vhh      , Gs^Fms      
Gs^Fms      , Gs^Fms      , Gs^Fms      , Gs^Fms      , Gs^Fms      , Gs^Fms      , Gg          , Gg          , Rp          , Gs^Fms      , Gs^Fms      , Gs^Fms      , Gs^Fms      , Gg          , Gg          , Gg          , Gg          , Chr         , Khr         , Chr         , Chr         , Gs^Fms      , Gs^Fms      , Gs^Fms      , Gg^Ve       , Gs^Fms      , Wo          , Ww          , Wwf         , Wwf         , Ww          , Ww          
Gs^Fms      , Gs^Fms      , Gs^Fms      , Gs^Fms      , Gs^Fms      , Gs^Fms      , Gg^Ve       , Gg          , Rp          , Gs^Fms      , Gg          , Gg          , Gg          , Gg          , Gg          , Gg          , Chr         , Chr         , Chr         , Chr         , Gg          , Gs^Fms      , Gs^Fms      , Gs^Fms      , Gs^Fms      , Gs^Fms      , Gs^Fms      , Wwf         , Wo          , Ww          , Ww          , Ww          
Gs^Fms      , Gs^Fms      , Gs^Fms      , Gs^Fms      , Gg          , Gg          , Gg          , Gg          , Rp          , Gs^Fms      , Gg          , Gg          , Gg          , Gg          , Gg^Vh       , Gg^Vh       , Gg          , Gg          , Gg          , Chr         , Gg          , Gs^Fms      , Gs^Fms      , Gs^Fms      , Gs^Fms      , Gs^Fms      , Gs^Fms      , Gs^Fms      , Gs^Fms      , Gs^Fms      , Gs^Fms      , Ww          
Gs^Fms      , Gs^Fms      , Gg          , Gs^Fms      , Gg          , Gg          , Gg          , Gg          , Rp          , Gg          , Gg          , Gg          , Gg          , Gg          , Gg          , Gg          , Gg          , Gg          , Gg          , Gg          , Gg          , Gg          , Gg          , Gs^Fms      , Gs^Fms      , Gs^Fms      , Gs^Fms      , Gs^Fms      , Gs^Fms      , Gs^Fms      , Gs^Fms      , Gs^Fms      
Gs^Fms      , Gs^Fms      , Gs^Fms      , Gg          , Gs^Fms      , Gg          , Gg          , Gg          , Rp          , Gg          , Gg          , Gg          , Gg          , Gg          , Gg          , Gg^Ve       , Gg          , Gg          , Gg          , Gg          , Gs^Fms      , Gg          , Gg          , Gg          , Gs^Fms      , Gs^Fms      , Gs^Fms      , Gs^Fms      , Gs^Fms      , Gs^Fms      , Gg^Ve       , Gs^Fms      
Gs^Fms      , Gg          , Gg          , Gs^Fms      , Gg          , Gg          , Gg          , Gg          , Rp          , Gg          , Gg          , Gg          , Gg          , Gg          , Gg          , Gg          , Gg          , Gs^Fms      , Gg          , Gg          , Gg          , Gs^Fms      , Gs^Fms      , Gs^Fms      , Gs^Fms      , Gs^Fms      , Gs^Fms      , Gs^Fms      , Gs^Fms      , Gs^Fms      , Gs^Fms      , Gs^Fms      
Gg          , Gg^Vh       , Gg          , Gg          , Gg          , Gg          , Gg          , Gg          , Rp          , Gg          , Gg          , Gg          , Gg          , Gg          , Gg          , Gg          , Gg          , Gg          , Gg          , Gg          , Gg          , Gg          , Gg          , Gg          , Gg          , Gg          , Gg          , Gs^Fms      , Gs^Fms      , Gs^Fms      , Gs^Fms      , Gs^Fms      
Gg          , Gg          , Gg          , Gg          , Gg          , Gg          , Gg          , Rp          , Rp          , Gg          , Gg          , Gg          , Gg          , Gg          , Gg          , Gg          , Gg          , Gg          , Gg          , Gg          , Gg          , Gg          , Gg          , Gg          , Gg          , Gg          , Gg          , Gg          , Gs^Fms      , Gs^Fms      , Gs^Fms      , Gs^Fms      
Gg          , Gg          , Gg          , Gg          , Ce          , Ce          , Gg          , Rp          , Rp          , Ce          , Ce          , Gg          , Gg          , Gg          , Gg          , Gg          , Gg          , Gg          , Gg          , Gg          , Gg          , Gg          , Gg          , Gg          , Gg          , Gg          , Gg          , Gs^Fms      , Gg          , Gs^Fms      , Gs^Fms      , Gs^Fms      
Gg          , Gg          , Ce          , Ce          , Ce          , Gg^Vh       , Gg          , Gg          , Rp          , Gg          , Gg^Vh       , Ce          , Ce          , Gg          , Gg          , Gg          , Gg          , Gg          , Gg          , Hh^Fds      , Gg          , Gg          , Re^Gvs      , Re^Gvs      , Re^Gvs      , Gg          , Gg          , Gg          , Gg          , Gg          , Gs^Fms      , Gs^Fms      
Ce          , Ce          , Ce          , 2 Ke        , Gg          , Gg^Vh       , Gg          , Gg          , Rp          , Gg          , Gg          , Gg          , Gg^Vh       , Ce          , Ce          , Gg          , Gg          , Gg          , Gg          , Gg          , Re^Gvs      , Re^Gvs      , Re^Gvs      , Re^Gvs      , Re^Gvs      , Re^Gvs      , Re^Gvs      , Gg          , Gg          , Gg          , Gs^Fms      , Gs^Fms      
Gg          , Ce          , Re^Gvs      , Re^Gvs      , Re^Gvs      , Gg          , Gg          , Gg          , Rp          , Gg          , Gg          , Gg          , Rp^Vhc      , Gg          , 1 Ke        , Ce          , Ce          , Gg          , Gg          , Gg          , Re^Gvs      , Re^Gvs      , Re^Gvs      , Re^Gvs      , Re^Gvs      , Gg^Wm       , Re^Gvs      , Re^Gvs      , Gg          , Gg          , Gs^Fms      , Gs^Fms      
Re^Gvs      , Re^Gvs      , Re^Gvs      , Re^Gvs      , Gg          , Gg          , Gg          , Gg          , Rp          , Ch          , Ch          , Gg          , Gg          , Gg          , Gg          , Ce          , Gg          , Gg          , Gg          , Gg          , Gg          , Re^Gvs      , Re^Gvs      , Re^Gvs      , Re^Gvs      , Re^Gvs      , Re^Gvs      , Re^Gvs      , Gg          , Gg          , Gg          , Gs^Fms      
Re^Gvs      , Re^Gvs      , Gg          , Gg          , Gg          , Gg^Vh       , Gg          , Ch          , Ch          , Ch          , Ch          , Ch          , Rd          , Gg          , Gg          , Gg          , Rd          , Gg          , Rd          , Gg          , Re          , Re          , Re^Gvs      , Re^Gvs      , Re^Gvs      , Re^Gvs      , Gg^Vh       , Gg          , Re^Gvs      , Gg          , Gg          , Gg          
Gg          , Gg          , Gg^Vh       , Gg          , Rp^Vhc      , Gg          , Gg          , Ch          , Ch          , 3 Kh        , Ch          , Ch          , Gg          , Gg          , Rd          , Gg          , Ce          , Gg          , Gg          , Rd          , Re^Gvs      , Re^Gvs      , Re^Gvs      , Re^Gvs      , Gg          , Gg          , Re^Gvs      , Re^Gvs      , Re^Gvs      , Re^Gvs      , Re^Gvs      , Gg          
Gg          , Gg          , Gg          , Gg          , Gg          , Gg          , Gg          , Ch          , Ch          , Ch          , Ch          , Ch          , Gg          , Gg          , Gg^Vh       , Gg          , Ce          , Gg          , Gg          , Gg          , Re^Gvs      , Re^Gvs      , Gg          , Gg          , Re^Gvs      , Re^Gvs      , Re^Gvs      , Re^Gvs      , Re^Gvs      , Re^Gvs      , Re^Gvs      , Re^Gvs      
Gg          , Gg          , Gg^Vh       , Gg          , Gg          , Gg          , Gg          , Gg          , Rp          , Ch          , Gg          , Gg          , Gg^Vh       , Gg          , Gg          , Ce          , Gg          , Gg          , Gg          , Gg          , Gg          , Gg          , Re^Gvs      , Re^Gvs      , Re^Gvs      , Re^Gvs      , Re^Gvs      , Re^Gvs      , Re^Gvs      , Re^Gvs      , Re^Gvs      , Re^Gvs      
Gg          , Gg          , Gg          , Gg          , Gg          , Gg          , Gg          , Gg          , Rp          , Gg          , Gg          , Gg          , Gg          , Gg          , Ce          , Ce          , Gg          , Gg          , Gg          , Gg          , Re^Gvs      , Re^Gvs      , Re^Gvs      , Re^Gvs      , Re^Gvs      , Re^Gvs      , Re^Gvs      , Re^Gvs      , Re^Gvs      , Re^Gvs      , Re^Gvs      , Re^Gvs      
Gg          , Gg          , Gg          , Gg          , Gg          , Gg^Vh       , Gg          , Gg          , Rp          , Gg          , Gg          , Gg^Vh       , Gg          , Ce          , Gg          , Gg          , Gg          , Gg          , Re^Gvs      , Re^Gvs      , Re^Gvs      , Re^Gvs      , Re^Gvs      , Re^Gvs      , Re^Gvs      , Re^Gvs      , Re^Gvs      , Re^Gvs      , Re^Gvs      , Re^Gvs      , Gg          , Gg          
Gg          , Gg^Vh       , Gg          , Gg          , Gg          , Gg          , Gg          , Gg          , Rp          , Gg          , Gg          , Gg          , Ce          , Ce          , Gg          , Gg          , Gg          , Re^Gvs      , Re^Gvs      , Re^Gvs      , Re^Gvs      , Re^Gvs      , Re^Gvs      , Re^Gvs      , Re^Gvs      , Re^Gvs      , Re^Gvs      , Re^Gvs      , Gg          , Gg          , Gg          , Gg          
